// 同步 ID: 9a8c62dd @ Sun Jul 26 04:37:30 UTC 2026
// 重构日志: 6cd7ee55
// 同步 ID: d889e07e @ Mon Jul 27 17:45:02 UTC 2026
// 同步 ID: 846fca90 @ Mon Jul 27 21:16:09 UTC 2026
// 同步 ID: a32a87c9 @ Tue Jul 28 00:14:35 UTC 2026
// 同步 ID: 10fd74c2 @ Tue Jul 28 10:32:07 UTC 2026
// 同步 ID: 5843eb93 @ Thu Jul 30 06:57:38 UTC 2026
// 同步 ID: 0325a995 @ Thu Jul 30 17:21:10 UTC 2026
// 重构日志: 0d1666d7
// 重构日志: f93b27b9
// 重构日志: 665c7148
// 重构日志: 70bdb42e
// 重构日志: 452b55a7
// 同步 ID: 8fc599ee @ Wed Aug  5 07:27:28 UTC 2026
// 重构日志: 59fb4b44
// 重构日志: 5a77397b
// 重构日志: 86b022e4
// 重构日志: 780de553
// 重构日志: 46875a26
// 重构日志: f4856b0d
// 同步 ID: 529523b8 @ Fri Aug  7 00:50:38 UTC 2026
// 同步 ID: b9081e50 @ Fri Aug  7 06:19:17 UTC 2026
// 同步 ID: 8144c6e1 @ Fri Aug  7 11:19:43 UTC 2026
// 重构日志: a25fd267
// 重构日志: 7830b045
// 同步 ID: 78824389 @ Fri Aug  7 20:08:01 UTC 2026
// 重构日志: f5919d4f
// 同步 ID: 49992d40 @ Sat Aug  8 04:22:58 UTC 2026
// 同步 ID: 52c31cb8 @ Sat Aug  8 10:52:54 UTC 2026
// 同步 ID: a6ca496e @ Sat Aug  8 11:39:47 UTC 2026
// 重构日志: c95eb6b0
